/usr/bin/ffmpeg -hide_banner -y -y -r 24 -start_number 0 -start_number_range 1 -i /home/kaia/Documents/kaiaonline/rework/assets/general/frame%04d.png -crf 23 -preset medium -profile:v baseline -pix_fmt yuv420p /home/kaia/Documents/kaiaonline/rework/assets/general/bkg3.mkv
=====================================================
Input #0, image2, from '/home/kaia/Documents/kaiaonline/rework/assets/general/frame%04d.png':
  Duration: 00:00:02.88, start: 0.000000, bitrate: N/A
  Stream #0:0: Video: png, rgba(pc, gbr/unknown/unknown), 200x200 [SAR 39:39 DAR 1:1], 25 fps, 25 tbr, 25 tbn
Stream mapping:
  Stream #0:0 -> #0:0 (png (native) -> h264 (libx264))
Press [q] to stop, [?] for help
[libx264 @ 0x558a5a4aa880] using SAR=1/1
[libx264 @ 0x558a5a4aa880] using cpu capabilities: MMX2 SSE2Fast SSSE3 SSE4.2 AVX FMA3 BMI2 AVX2 AVX512
[libx264 @ 0x558a5a4aa880] profile Constrained Baseline, level 1.2, 4:2:0, 8-bit
[libx264 @ 0x558a5a4aa880] 264 - core 165 r3222 b35605a - H.264/MPEG-4 AVC codec - Copyleft 2003-2025 - http://www.videolan.org/x264.html - options: cabac=0 ref=3 deblock=1:0:0 analyse=0x1:0x111 me=hex subme=7 psy=1 psy_rd=1.00:0.00 mixed_ref=1 me_range=16 chroma_me=1 trellis=1 8x8dct=0 cqm=0 deadzone=21,11 fast_pskip=1 chroma_qp_offset=-2 threads=6 lookahead_threads=1 sliced_threads=0 nr=0 decimate=1 interlaced=0 bluray_compat=0 constrained_intra=0 bframes=0 weightp=0 keyint=250 keyint_min=24 scenecut=40 intra_refresh=0 rc_lookahead=40 rc=crf mbtree=1 crf=23.0 qcomp=0.60 qpmin=0 qpmax=69 qpstep=4 ip_ratio=1.40 aq=1:1.00
Output #0, matroska, to '/home/kaia/Documents/kaiaonline/rework/assets/general/bkg3.mkv':
  Metadata:
    encoder         : Lavf62.3.100
  Stream #0:0: Video: h264 (H264 / 0x34363248), yuv420p(tv, progressive), 200x200 [SAR 1:1 DAR 1:1], q=2-31, 24 fps, 1k tbn
    Metadata:
      encoder         : Lavc62.11.100 libx264
    Side data:
      cpb: bitrate max/min/avg: 0/0/0 buffer size: 0 vbv_delay: N/A
[out#0/matroska @ 0x558a5a4e7340] video:5KiB audio:0KiB subtitle:0KiB other streams:0KiB global headers:0KiB muxing overhead: 22.653989%
frame=   72 fps=0.0 q=-1.0 Lsize=       6KiB time=00:00:03.00 bitrate=  15.8kbits/s speed= 133x elapsed=0:00:00.02    
[libx264 @ 0x558a5a4aa880] frame I:2     Avg QP:11.80  size:   789
[libx264 @ 0x558a5a4aa880] frame P:70    Avg QP:16.23  size:    38
[libx264 @ 0x558a5a4aa880] mb I  I16..4: 72.8%  0.0% 27.2%
[libx264 @ 0x558a5a4aa880] mb P  I16..4:  0.7%  0.0%  0.4%  P16..4:  1.3%  0.5%  0.1%  0.0%  0.0%    skip:97.0%
[libx264 @ 0x558a5a4aa880] coded y,uvDC,uvAC intra: 14.2% 25.6% 13.5% inter: 0.2% 0.4% 0.0%
[libx264 @ 0x558a5a4aa880] i16 v,h,dc,p: 86%  4% 10%  0%
[libx264 @ 0x558a5a4aa880] i4 v,h,dc,ddl,ddr,vr,hd,vl,hu: 39% 21% 23%  0%  4%  6%  6%  0%  0%
[libx264 @ 0x558a5a4aa880] i8c dc,h,v,p: 76% 13% 11%  0%
[libx264 @ 0x558a5a4aa880] ref P L0: 80.7% 17.2%  2.2%
[libx264 @ 0x558a5a4aa880] kb/s:11.23
