/usr/bin/ffmpeg -hide_banner -y -y -r 24 -start_number 0 -start_number_range 1 -i /home/kaia/Documents/kaiaonline/rework/assets/general/frame%04d.png -i /home/kaia/Documents/kaiaonline/rework/assets/general/KritaTempPalettegen_%06d.png -lavfi [0:v][1:v]paletteuse=dither=sierra2_4a:diff_mode=none -f gif -loop 0 -gifflags +transdiff /home/kaia/Documents/kaiaonline/rework/assets/general/bkg3.gif
=====================================================
Input #0, image2, from '/home/kaia/Documents/kaiaonline/rework/assets/general/frame%04d.png':
  Duration: 00:00:02.88, start: 0.000000, bitrate: N/A
  Stream #0:0: Video: png, rgba(pc, gbr/unknown/unknown), 200x200 [SAR 39:39 DAR 1:1], 25 fps, 25 tbr, 25 tbn
Input #1, image2, from '/home/kaia/Documents/kaiaonline/rework/assets/general/KritaTempPalettegen_%06d.png':
  Duration: 00:00:00.04, start: 0.000000, bitrate: N/A
  Stream #1:0: Video: png, rgba(pc, gbr/unknown/unknown), 16x16 [SAR 1:1 DAR 1:1], 25 fps, 25 tbr, 25 tbn
Stream mapping:
  Stream #0:0 (png) -> paletteuse
  Stream #1:0 (png) -> paletteuse
  paletteuse:default -> Stream #0:0 (gif)
Press [q] to stop, [?] for help
Output #0, gif, to '/home/kaia/Documents/kaiaonline/rework/assets/general/bkg3.gif':
  Metadata:
    encoder         : Lavf62.3.100
  Stream #0:0: Video: gif, pal8(pc, gbr/unknown/unknown, progressive), 200x200 [SAR 1:1 DAR 1:1], q=2-31, 200 kb/s, 24 fps, 100 tbn
    Metadata:
      encoder         : Lavc62.11.100 gif
[out#0/gif @ 0x6477d927cc80] video:9KiB audio:0KiB subtitle:0KiB other streams:0KiB global headers:0KiB muxing overhead: 0.209139%
frame=   72 fps=0.0 q=-0.0 Lsize=       9KiB time=00:00:03.00 bitrate=  25.6kbits/s speed=  60x elapsed=0:00:00.05    
