/usr/bin/ffmpeg -hide_banner -y -y -r 24 -start_number 0 -start_number_range 1 -i /home/kaia/Documents/kaiaonline/assets/frame%04d.png -i /home/kaia/Documents/kaiaonline/assets/KritaTempPalettegen_%06d.png -lavfi [0:v][1:v]paletteuse=dither=sierra2_4a:diff_mode=none -f gif -loop 0 -gifflags +transdiff /home/kaia/Documents/kaiaonline/assets/icon_music.gif
=====================================================
Input #0, image2, from '/home/kaia/Documents/kaiaonline/assets/frame%04d.png':
  Duration: 00:00:00.64, start: 0.000000, bitrate: N/A
  Stream #0:0: Video: png, rgba(pc, gbr/unknown/unknown), 32x32 [SAR 3937:3937 DAR 1:1], 25 fps, 25 tbr, 25 tbn
Input #1, image2, from '/home/kaia/Documents/kaiaonline/assets/KritaTempPalettegen_%06d.png':
  Duration: 00:00:00.04, start: 0.000000, bitrate: N/A
  Stream #1:0: Video: png, rgba(pc, gbr/unknown/unknown), 16x16 [SAR 1:1 DAR 1:1], 25 fps, 25 tbr, 25 tbn
Stream mapping:
  Stream #0:0 (png) -> paletteuse
  Stream #1:0 (png) -> paletteuse
  paletteuse:default -> Stream #0:0 (gif)
Press [q] to stop, [?] for help
Output #0, gif, to '/home/kaia/Documents/kaiaonline/assets/icon_music.gif':
  Metadata:
    encoder         : Lavf62.12.101
  Stream #0:0: Video: gif, pal8(pc, gbr/unknown/unknown, progressive), 32x32 [SAR 1:1 DAR 1:1], q=2-31, 200 kb/s, 24 fps, 100 tbn
    Metadata:
      encoder         : Lavc62.28.101 gif
[out#0/gif @ 0x555a488ef680] video:3KiB audio:0KiB subtitle:0KiB other streams:0KiB global headers:0KiB muxing overhead: 0.658545%
frame=   16 fps=0.0 q=-0.0 Lsize=       3KiB time=00:00:00.66 bitrate=  36.7kbits/s speed= 122x elapsed=0:00:00.00    
